test_calculation_integration (tests.test_semantic_layer.TestSemanticLayer.test_calculation_integration)
Test that defined metrics can actually be calculated ... ok
test_llm_service_initialization (tests.test_semantic_layer.TestSemanticLayer.test_llm_service_initialization)
Test LLM service inits without error ... ERROR
test_metrics_yaml_structure (tests.test_semantic_layer.TestSemanticLayer.test_metrics_yaml_structure)
Verify metrics.yaml has required fields ... ok
test_parse_intent (tests.test_semantic_layer.TestSemanticLayer.test_parse_intent)
Test intent parsing with mocked LLM response ... ok

======================================================================
ERROR: test_llm_service_initialization (tests.test_semantic_layer.TestSemanticLayer.test_llm_service_initialization)
Test LLM service inits without error
----------------------------------------------------------------------
Traceback (most recent call last):
  File "D:\Aproject\data_analyze_study\tests\test_semantic_layer.py", line 41, in test_llm_service_initialization
    service = HybridLLMService(mode="local", metrics_path="metrics.yaml")
              ^^^^^^^^^^^^^^^^^^^^^^^^^^^^^^^^^^^^^^^^^^^^^^^^^^^^^^^^^^^
  File "D:\Aproject\data_analyze_study\src\features\llm.py", line 28, in __init__
    self.client = OpenAI(base_url=final_base_url, api_key=final_api_key)
                  ^^^^^^^^^^^^^^^^^^^^^^^^^^^^^^^^^^^^^^^^^^^^^^^^^^^^^^
  File "D:\python\python312\Lib\site-packages\openai\_client.py", line 166, in __init__
    super().__init__(
  File "D:\python\python312\Lib\site-packages\openai\_base_client.py", line 864, in __init__
    self._client = http_client or SyncHttpxClientWrapper(
                                  ^^^^^^^^^^^^^^^^^^^^^^^
  File "D:\python\python312\Lib\site-packages\openai\_base_client.py", line 794, in __init__
    super().__init__(**kwargs)
  File "D:\python\python312\Lib\site-packages\httpx\_client.py", line 700, in __init__
    else self._init_proxy_transport(
         ^^^^^^^^^^^^^^^^^^^^^^^^^^^
  File "D:\python\python312\Lib\site-packages\httpx\_client.py", line 750, in _init_proxy_transport
    return HTTPTransport(
           ^^^^^^^^^^^^^^
  File "D:\python\python312\Lib\site-packages\httpx\_transports\default.py", line 191, in __init__
    raise ImportError(
ImportError: Using SOCKS proxy, but the 'socksio' package is not installed. Make sure to install httpx using `pip install httpx[socks]`.

----------------------------------------------------------------------
Ran 4 tests in 1.078s

FAILED (errors=1)
